Archive member included to satisfy reference by file (symbol)

c:/users/notebook/desktop/iti/turkey's/arm_stm32f401/tools/arm gcc/bin/../lib/gcc/arm-none-eabi/5.4.1/../../../../arm-none-eabi/lib/armv7e-m\libg_nano.a(lib_a-errno.o)
                              ./system/src/newlib/_sbrk.o (__errno)
c:/users/notebook/desktop/iti/turkey's/arm_stm32f401/tools/arm gcc/bin/../lib/gcc/arm-none-eabi/5.4.1/../../../../arm-none-eabi/lib/armv7e-m\libg_nano.a(lib_a-impure.o)
                              c:/users/notebook/desktop/iti/turkey's/arm_stm32f401/tools/arm gcc/bin/../lib/gcc/arm-none-eabi/5.4.1/../../../../arm-none-eabi/lib/armv7e-m\libg_nano.a(lib_a-errno.o) (_impure_ptr)
c:/users/notebook/desktop/iti/turkey's/arm_stm32f401/tools/arm gcc/bin/../lib/gcc/arm-none-eabi/5.4.1/../../../../arm-none-eabi/lib/armv7e-m\libg_nano.a(lib_a-strlen.o)
                              ./system/src/diag/Trace.o (strlen)
c:/users/notebook/desktop/iti/turkey's/arm_stm32f401/tools/arm gcc/bin/../lib/gcc/arm-none-eabi/5.4.1/../../../../arm-none-eabi/lib/armv7e-m\libg_nano.a(lib_a-vsnprintf.o)
                              ./system/src/diag/Trace.o (vsnprintf)
c:/users/notebook/desktop/iti/turkey's/arm_stm32f401/tools/arm gcc/bin/../lib/gcc/arm-none-eabi/5.4.1/../../../../arm-none-eabi/lib/armv7e-m\libg_nano.a(lib_a-nano-svfprintf.o)
                              c:/users/notebook/desktop/iti/turkey's/arm_stm32f401/tools/arm gcc/bin/../lib/gcc/arm-none-eabi/5.4.1/../../../../arm-none-eabi/lib/armv7e-m\libg_nano.a(lib_a-vsnprintf.o) (_svfprintf_r)
c:/users/notebook/desktop/iti/turkey's/arm_stm32f401/tools/arm gcc/bin/../lib/gcc/arm-none-eabi/5.4.1/../../../../arm-none-eabi/lib/armv7e-m\libg_nano.a(lib_a-nano-vfprintf_i.o)
                              c:/users/notebook/desktop/iti/turkey's/arm_stm32f401/tools/arm gcc/bin/../lib/gcc/arm-none-eabi/5.4.1/../../../../arm-none-eabi/lib/armv7e-m\libg_nano.a(lib_a-nano-svfprintf.o) (_printf_i)
c:/users/notebook/desktop/iti/turkey's/arm_stm32f401/tools/arm gcc/bin/../lib/gcc/arm-none-eabi/5.4.1/../../../../arm-none-eabi/lib/armv7e-m\libg_nano.a(lib_a-memchr.o)
                              c:/users/notebook/desktop/iti/turkey's/arm_stm32f401/tools/arm gcc/bin/../lib/gcc/arm-none-eabi/5.4.1/../../../../arm-none-eabi/lib/armv7e-m\libg_nano.a(lib_a-nano-svfprintf.o) (memchr)
c:/users/notebook/desktop/iti/turkey's/arm_stm32f401/tools/arm gcc/bin/../lib/gcc/arm-none-eabi/5.4.1/../../../../arm-none-eabi/lib/armv7e-m\libg_nano.a(lib_a-memcpy-stub.o)
                              c:/users/notebook/desktop/iti/turkey's/arm_stm32f401/tools/arm gcc/bin/../lib/gcc/arm-none-eabi/5.4.1/../../../../arm-none-eabi/lib/armv7e-m\libg_nano.a(lib_a-nano-svfprintf.o) (memcpy)
c:/users/notebook/desktop/iti/turkey's/arm_stm32f401/tools/arm gcc/bin/../lib/gcc/arm-none-eabi/5.4.1/../../../../arm-none-eabi/lib/armv7e-m\libg_nano.a(lib_a-memmove.o)
                              c:/users/notebook/desktop/iti/turkey's/arm_stm32f401/tools/arm gcc/bin/../lib/gcc/arm-none-eabi/5.4.1/../../../../arm-none-eabi/lib/armv7e-m\libg_nano.a(lib_a-nano-svfprintf.o) (memmove)
c:/users/notebook/desktop/iti/turkey's/arm_stm32f401/tools/arm gcc/bin/../lib/gcc/arm-none-eabi/5.4.1/../../../../arm-none-eabi/lib/armv7e-m\libg_nano.a(lib_a-nano-freer.o)
                              c:/users/notebook/desktop/iti/turkey's/arm_stm32f401/tools/arm gcc/bin/../lib/gcc/arm-none-eabi/5.4.1/../../../../arm-none-eabi/lib/armv7e-m\libg_nano.a(lib_a-nano-svfprintf.o) (_free_r)
c:/users/notebook/desktop/iti/turkey's/arm_stm32f401/tools/arm gcc/bin/../lib/gcc/arm-none-eabi/5.4.1/../../../../arm-none-eabi/lib/armv7e-m\libg_nano.a(lib_a-nano-mallocr.o)
                              c:/users/notebook/desktop/iti/turkey's/arm_stm32f401/tools/arm gcc/bin/../lib/gcc/arm-none-eabi/5.4.1/../../../../arm-none-eabi/lib/armv7e-m\libg_nano.a(lib_a-nano-svfprintf.o) (_malloc_r)
c:/users/notebook/desktop/iti/turkey's/arm_stm32f401/tools/arm gcc/bin/../lib/gcc/arm-none-eabi/5.4.1/../../../../arm-none-eabi/lib/armv7e-m\libg_nano.a(lib_a-nano-reallocr.o)
                              c:/users/notebook/desktop/iti/turkey's/arm_stm32f401/tools/arm gcc/bin/../lib/gcc/arm-none-eabi/5.4.1/../../../../arm-none-eabi/lib/armv7e-m\libg_nano.a(lib_a-nano-svfprintf.o) (_realloc_r)
c:/users/notebook/desktop/iti/turkey's/arm_stm32f401/tools/arm gcc/bin/../lib/gcc/arm-none-eabi/5.4.1/../../../../arm-none-eabi/lib/armv7e-m\libg_nano.a(lib_a-sbrkr.o)
                              c:/users/notebook/desktop/iti/turkey's/arm_stm32f401/tools/arm gcc/bin/../lib/gcc/arm-none-eabi/5.4.1/../../../../arm-none-eabi/lib/armv7e-m\libg_nano.a(lib_a-nano-mallocr.o) (_sbrk_r)
c:/users/notebook/desktop/iti/turkey's/arm_stm32f401/tools/arm gcc/bin/../lib/gcc/arm-none-eabi/5.4.1/../../../../arm-none-eabi/lib/armv7e-m\libg_nano.a(lib_a-mlock.o)
[...]
Memory Configuration

Name             Origin             Length             Attributes
RAM              0x20000000         0x00010000         xrw
CCMRAM           0x10000000         0x00000000         xrw
FLASH            0x08000000         0x00100000         xr
FLASHB1          0x00000000         0x00000000         xr
EXTMEMB0         0x00000000         0x00000000         xr
EXTMEMB1         0x00000000         0x00000000         xr
EXTMEMB2         0x00000000         0x00000000         xr
EXTMEMB3         0x00000000         0x00000000         xr
*default*        0x00000000         0xffffffff

Linker script and memory map

LOAD ./system/src/newlib/_cxx.o
LOAD ./system/src/newlib/_exit.o
LOAD ./system/src/newlib/_sbrk.o
LOAD ./system/src/newlib/_startup.o
LOAD ./system/src/newlib/_syscalls.o
LOAD ./system/src/newlib/assert.o
LOAD ./system/src/diag/Trace.o
LOAD ./system/src/diag/trace_impl.o
LOAD ./system/src/cortexm/_initialize_hardware.o
LOAD ./system/src/cortexm/_reset_hardware.o
LOAD ./system/src/cortexm/exception_handlers.o
LOAD ./system/src/cmsis/system_stm32f4xx.o
LOAD ./system/src/cmsis/vectors_stm32f401xc.o
LOAD ./src/MCAL/RCC/RCC.o
LOAD ./src/MCAL/GPIO/GPIO.o
LOAD ./src/HAL/SWITCH/Switch.o
LOAD ./src/HAL/SWITCH/Switch_Config.o
LOAD ./src/HAL/LED/LED.o
LOAD ./src/HAL/LED/LED_Config.o
LOAD ./src/APP/GPIO_test.o
LOAD ./src/APP/main.o
LOAD ./src/APP/main_led.o
LOAD ./src/APP/switch_led_test.o
LOAD c:/users/notebook/desktop/iti/turkey's/arm_stm32f401/tools/arm gcc/bin/../lib/gcc/arm-none-eabi/5.4.1/../../../../arm-none-eabi/lib/armv7e-m\libstdc++_nano.a
LOAD c:/users/notebook/desktop/iti/turkey's/arm_stm32f401/tools/arm gcc/bin/../lib/gcc/arm-none-eabi/5.4.1/../../../../arm-none-eabi/lib/armv7e-m\libm.a
START GROUP
LOAD c:/users/notebook/desktop/iti/turkey's/arm_stm32f401/tools/arm gcc/bin/../lib/gcc/arm-none-eabi/5.4.1/armv7e-m\libgcc.a
LOAD c:/users/notebook/desktop/iti/turkey's/arm_stm32f401/tools/arm gcc/bin/../lib/gcc/arm-none-eabi/5.4.1/../../../../arm-none-eabi/lib/armv7e-m\libg_nano.a
LOAD c:/users/notebook/desktop/iti/turkey's/arm_stm32f401/tools/arm gcc/bin/../lib/gcc/arm-none-eabi/5.4.1/../../../../arm-none-eabi/lib/armv7e-m\libc_nano.a
END GROUP
START GROUP
LOAD c:/users/notebook/desktop/iti/turkey's/arm_stm32f401/tools/arm gcc/bin/../lib/gcc/arm-none-eabi/5.4.1/armv7e-m\libgcc.a
LOAD c:/users/notebook/desktop/iti/turkey's/arm_stm32f401/tools/arm gcc/bin/../lib/gcc/arm-none-eabi/5.4.1/../../../../arm-none-eabi/lib/armv7e-m\libc_nano.a
END GROUP
                0x20010000                __stack = (ORIGIN (RAM) + LENGTH (RAM))
                0x20010000                _estack = __stack
                0x00000400                __Main_Stack_Size = 0x400
                [!provide]                PROVIDE (_Main_Stack_Size, __Main_Stack_Size)
                0x2000fc00                __Main_Stack_Limit = (__stack - __Main_Stack_Size)
                [!provide]                PROVIDE (_Main_Stack_Limit, __Main_Stack_Limit)
                0x00000100                _Minimum_Stack_Size = 0x100
                0x20000114                PROVIDE (_Heap_Begin, _end_noinit)
                0x2000fc00                PROVIDE (_Heap_Limit, (__stack - __Main_Stack_Size))

.isr_vector     0x08000000      0x3f8
 FILL mask 0xff
                0x08000000                __vectors_start = ABSOLUTE (.)
                0x08000000                __vectors_start__ = ABSOLUTE (.)
 *(.isr_vector)
 .isr_vector    0x08000000      0x194 ./system/src/cmsis/vectors_stm32f401xc.o
                0x08000000                __isr_vectors
 *(.cfmconfig)
 *(.after_vectors .after_vectors.*)
 .after_vectors
                0x08000194      0x130 ./system/src/newlib/_startup.o
                0x08000194                _start
 .after_vectors
                0x080002c4      0x130 ./system/src/cortexm/exception_handlers.o
                0x080002c4                Reset_Handler
                0x080002cc                NMI_Handler
                0x080002d0                HardFault_Handler
                0x080002e4                HardFault_Handler_C
                0x08000344                MemManage_Handler
                0x08000348                BusFault_Handler
                0x0800035c                BusFault_Handler_C
                0x08000390                UsageFault_Handler
                0x080003a4                UsageFault_Handler_C
                0x080003d8                SVC_Handler
                0x080003dc                DebugMon_Handler
                0x080003e0                PendSV_Handler
                0x080003e4                SysTick_Handler
 .after_vectors
                0x080003f4        0x4 ./system/src/cmsis/vectors_stm32f401xc.o
                0x080003f4                RTC_Alarm_IRQHandler
                0x080003f4                EXTI2_IRQHandler
                0x080003f4                SPI4_IRQHandler
                0x080003f4                TIM1_CC_IRQHandler
                0x080003f4                DMA2_Stream5_IRQHandler
                0x080003f4                DMA1_Stream5_IRQHandler
                0x080003f4                PVD_IRQHandler
                0x080003f4                SDIO_IRQHandler
                0x080003f4                TAMP_STAMP_IRQHandler
                0x080003f4                EXTI3_IRQHandler
                0x080003f4                TIM1_UP_TIM10_IRQHandler
                0x080003f4                I2C3_ER_IRQHandler
                0x080003f4                EXTI0_IRQHandler
                0x080003f4                I2C2_EV_IRQHandler
                0x080003f4                DMA1_Stream2_IRQHandler
                0x080003f4                FPU_IRQHandler
                0x080003f4                DMA2_Stream2_IRQHandler
                0x080003f4                SPI1_IRQHandler
                0x080003f4                TIM1_BRK_TIM9_IRQHandler
                0x080003f4                DMA2_Stream3_IRQHandler
                0x080003f4                USART6_IRQHandler
                0x080003f4                DMA2_Stream0_IRQHandler
                0x080003f4                TIM4_IRQHandler
                0x080003f4                I2C1_EV_IRQHandler
                0x080003f4                DMA1_Stream6_IRQHandler
                0x080003f4                DMA1_Stream1_IRQHandler
                0x080003f4                TIM3_IRQHandler
                0x080003f4                RCC_IRQHandler
                0x080003f4                Default_Handler
                0x080003f4                EXTI15_10_IRQHandler
                0x080003f4                ADC_IRQHandler
                0x080003f4                DMA1_Stream7_IRQHandler
                0x080003f4                TIM5_IRQHandler
                0x080003f4                DMA2_Stream7_IRQHandler
                0x080003f4                I2C3_EV_IRQHandler
                0x080003f4                EXTI9_5_IRQHandler
                0x080003f4                RTC_WKUP_IRQHandler
                0x080003f4                SPI2_IRQHandler
                0x080003f4                DMA1_Stream0_IRQHandler
                0x080003f4                EXTI4_IRQHandler
                0x080003f4                WWDG_IRQHandler
                0x080003f4                TIM2_IRQHandler
                0x080003f4                OTG_FS_WKUP_IRQHandler
                0x080003f4                TIM1_TRG_COM_TIM11_IRQHandler
                0x080003f4                EXTI1_IRQHandler
                0x080003f4                USART2_IRQHandler
                0x080003f4                I2C2_ER_IRQHandler
                0x080003f4                DMA2_Stream1_IRQHandler
                0x080003f4                FLASH_IRQHandler
                0x080003f4                DMA2_Stream4_IRQHandler
                0x080003f4                USART1_IRQHandler
                0x080003f4                OTG_FS_IRQHandler
                0x080003f4                SPI3_IRQHandler
                0x080003f4                DMA1_Stream4_IRQHandler
                0x080003f4                I2C1_ER_IRQHandler
                0x080003f4                DMA2_Stream6_IRQHandler
                0x080003f4                DMA1_Stream3_IRQHandler

.inits          0x080003f8       0x28
                0x080003f8                __data_regions_array_start = .
                0x080003f8        0x4 LONG 0x8001598 LOADADDR (.data)
                0x080003fc        0x4 LONG 0x20000000 ADDR (.data)
                0x08000400        0x4 LONG 0x20000078 (ADDR (.data) + SIZEOF (.data))
                0x08000404        0x4 LONG 0x8001598 LOADADDR (.data_CCMRAM)
                0x08000408        0x4 LONG 0x10000000 ADDR (.data_CCMRAM)
                0x0800040c        0x4 LONG 0x10000000 (ADDR (.data_CCMRAM) + SIZEOF (.data_CCMRAM))
                0x08000410                __data_regions_array_end = .
                0x08000410                __bss_regions_array_start = .
                0x08000410        0x4 LONG 0x20000078 ADDR (.bss)
                0x08000414        0x4 LONG 0x20000114 (ADDR (.bss) + SIZEOF (.bss))
                0x08000418        0x4 LONG 0x10000000 ADDR (.bss_CCMRAM)
                0x0800041c        0x4 LONG 0x10000000 (ADDR (.bss_CCMRAM) + SIZEOF (.bss_CCMRAM))
                0x08000420                __bss_regions_array_end = .
 *(.init)
 *(.fini)
                0x08000420                . = ALIGN (0x4)
                0x08000420                PROVIDE (__preinit_array_start, .)
 *(.preinit_array_sysinit .preinit_array_sysinit.*)
 *(.preinit_array_platform .preinit_array_platform.*)
 *(.preinit_array .preinit_array.*)
                0x08000420                PROVIDE (__preinit_array_end, .)
                0x08000420                . = ALIGN (0x4)
                0x08000420                PROVIDE (__init_array_start, .)
 *(SORT(.init_array.*))
 *(.init_array)
                0x08000420                PROVIDE (__init_array_end, .)
                0x08000420                . = ALIGN (0x4)
                0x08000420                PROVIDE (__fini_array_start, .)
 *(SORT(.fini_array.*))
 *(.fini_array)
                0x08000420                PROVIDE (__fini_array_end, .)

.flashtext
 *(.flashtext .flashtext.*)

.text           0x08000420     0x1177
 *(.text .text.*)
 .text._exit    0x08000420        0x4 ./system/src/newlib/_exit.o
                0x08000420                _exit
 .text._sbrk    0x08000424       0x44 ./system/src/newlib/_sbrk.o
                0x08000424                _sbrk
 .text.__initialize_args
                0x08000468       0x10 ./system/src/newlib/_syscalls.o
                0x08000468                __initialize_args
 .text.trace_printf
                0x08000478       0x30 ./system/src/diag/Trace.o
                0x08000478                trace_printf
 .text._trace_write_semihosting_debug
                0x080004a8       0x64 ./system/src/diag/trace_impl.o
 .text.trace_write
                0x0800050c        0x8 ./system/src/diag/trace_impl.o
                0x0800050c                trace_write
 .text.__initialize_hardware_early
                0x08000514       0x18 ./system/src/cortexm/_initialize_hardware.o
                0x08000514                __initialize_hardware_early
 .text.__initialize_hardware
                0x0800052c        0x8 ./system/src/cortexm/_initialize_hardware.o
                0x0800052c                __initialize_hardware
 .text.dumpExceptionStack
                0x08000534       0xf0 ./system/src/cortexm/exception_handlers.o
                0x08000534                dumpExceptionStack
 .text.isSemihosting
                0x08000624       0x20 ./system/src/cortexm/exception_handlers.o
                0x08000624                isSemihosting
 .text.SystemInit
                0x08000644       0x40 ./system/src/cmsis/system_stm32f4xx.o
                0x08000644                SystemInit
 .text.SystemCoreClockUpdate
                0x08000684       0xa0 ./system/src/cmsis/system_stm32f4xx.o
                0x08000684                SystemCoreClockUpdate
 .text.RCC_EnableSystemClock
                0x08000724       0x54 ./src/MCAL/RCC/RCC.o
                0x08000724                RCC_EnableSystemClock
 .text.RCC_SelectSystemClock
                0x08000778       0xac ./src/MCAL/RCC/RCC.o
                0x08000778                RCC_SelectSystemClock
 .text.RCC_EnablePeripheral
                0x08000824       0x78 ./src/MCAL/RCC/RCC.o
                0x08000824                RCC_EnablePeripheral
 .text.GPIO_initPin
                0x0800089c       0x88 ./src/MCAL/GPIO/GPIO.o
                0x0800089c                GPIO_initPin
 .text.GPIO_GetPinValue
                0x08000924       0x24 ./src/MCAL/GPIO/GPIO.o
                0x08000924                GPIO_GetPinValue
 .text.GPIO_SetPinValue
                0x08000948       0x2c ./src/MCAL/GPIO/GPIO.o
                0x08000948                GPIO_SetPinValue
 .text.Switch_init
                0x08000974       0x40 ./src/HAL/SWITCH/Switch.o
                0x08000974                Switch_init
 .text.GetSwitchValue
                0x080009b4       0x64 ./src/HAL/SWITCH/Switch.o
                0x080009b4                GetSwitchValue
 .text.LED_init
                0x08000a18       0x40 ./src/HAL/LED/LED.o
                0x08000a18                LED_init
 .text.LED_SetStatus
                0x08000a58       0x24 ./src/HAL/LED/LED.o
                0x08000a58                LED_SetStatus
 .text.main     0x08000a7c       0x50 ./src/APP/switch_led_test.o
                0x08000a7c                main
 .text.__errno  0x08000acc        0xc c:/users/notebook/desktop/iti/turkey's/arm_stm32f401/tools/arm gcc/bin/../lib/gcc/arm-none-eabi/5.4.1/../../../../arm-none-eabi/lib/armv7e-m\libg_nano.a(lib_a-errno.o)
                0x08000acc                __errno
 .text._vsnprintf_r
                0x08000ad8       0x56 c:/users/notebook/desktop/iti/turkey's/arm_stm32f401/tools/arm gcc/bin/../lib/gcc/arm-none-eabi/5.4.1/../../../../arm-none-eabi/lib/armv7e-m\libg_nano.a(lib_a-vsnprintf.o)
                0x08000ad8                _vsniprintf_r
                0x08000ad8                _vsnprintf_r
 *fill*         0x08000b2e        0x2 
 .text.vsnprintf
                0x08000b30       0x1c c:/users/notebook/desktop/iti/turkey's/arm_stm32f401/tools/arm gcc/bin/../lib/gcc/arm-none-eabi/5.4.1/../../../../arm-none-eabi/lib/armv7e-m\libg_nano.a(lib_a-vsnprintf.o)
                0x08000b30                vsniprintf
                0x08000b30                vsnprintf
 .text.__ssputs_r
                0x08000b4c       0xb2 c:/users/notebook/desktop/iti/turkey's/arm_stm32f401/tools/arm gcc/bin/../lib/gcc/arm-none-eabi/5.4.1/../../../../arm-none-eabi/lib/armv7e-m\libg_nano.a(lib_a-nano-svfprintf.o)
                0x08000b4c                __ssputs_r
 *fill*         0x08000bfe        0x2 
 .text._svfprintf_r
                0x08000c00      0x1e8 c:/users/notebook/desktop/iti/turkey's/arm_stm32f401/tools/arm gcc/bin/../lib/gcc/arm-none-eabi/5.4.1/../../../../arm-none-eabi/lib/armv7e-m\libg_nano.a(lib_a-nano-svfprintf.o)
                0x08000c00                _svfiprintf_r
                0x08000c00                _svfprintf_r
 .text._printf_common
                0x08000de8       0xec c:/users/notebook/desktop/iti/turkey's/arm_stm32f401/tools/arm gcc/bin/../lib/gcc/arm-none-eabi/5.4.1/../../../../arm-none-eabi/lib/armv7e-m\libg_nano.a(lib_a-nano-vfprintf_i.o)
                0x08000de8                _printf_common
 .text._printf_i
                0x08000ed4      0x24c c:/users/notebook/desktop/iti/turkey's/arm_stm32f401/tools/arm gcc/bin/../lib/gcc/arm-none-eabi/5.4.1/../../../../arm-none-eabi/lib/armv7e-m\libg_nano.a(lib_a-nano-vfprintf_i.o)
                0x08000ed4                _printf_i
 .text          0x08001120       0xa0 c:/users/notebook/desktop/iti/turkey's/arm_stm32f401/tools/arm gcc/bin/../lib/gcc/arm-none-eabi/5.4.1/../../../../arm-none-eabi/lib/armv7e-m\libg_nano.a(lib_a-memchr.o)
                0x08001120                memchr
 .text.memcpy   0x080011c0       0x16 c:/users/notebook/desktop/iti/turkey's/arm_stm32f401/tools/arm gcc/bin/../lib/gcc/arm-none-eabi/5.4.1/../../../../arm-none-eabi/lib/armv7e-m\libg_nano.a(lib_a-memcpy-stub.o)
                0x080011c0                memcpy
 .text.memmove  0x080011d6       0x36 c:/users/notebook/desktop/iti/turkey's/arm_stm32f401/tools/arm gcc/bin/../lib/gcc/arm-none-eabi/5.4.1/../../../../arm-none-eabi/lib/armv7e-m\libg_nano.a(lib_a-memmove.o)
                0x080011d6                memmove
 .text._free_r  0x0800120c       0x9c c:/users/notebook/desktop/iti/turkey's/arm_stm32f401/tools/arm gcc/bin/../lib/gcc/arm-none-eabi/5.4.1/../../../../arm-none-eabi/lib/armv7e-m\libg_nano.a(lib_a-nano-freer.o)
                0x0800120c                _free_r
 .text._malloc_r
                0x080012a8       0xbc c:/users/notebook/desktop/iti/turkey's/arm_stm32f401/tools/arm gcc/bin/../lib/gcc/arm-none-eabi/5.4.1/../../../../arm-none-eabi/lib/armv7e-m\libg_nano.a(lib_a-nano-mallocr.o)
                0x080012a8                _malloc_r
 .text._realloc_r
                0x08001364       0x4c c:/users/notebook/desktop/iti/turkey's/arm_stm32f401/tools/arm gcc/bin/../lib/gcc/arm-none-eabi/5.4.1/../../../../arm-none-eabi/lib/armv7e-m\libg_nano.a(lib_a-nano-reallocr.o)
                0x08001364                _realloc_r
 .text._sbrk_r  0x080013b0       0x20 c:/users/notebook/desktop/iti/turkey's/arm_stm32f401/tools/arm gcc/bin/../lib/gcc/arm-none-eabi/5.4.1/../../../../arm-none-eabi/lib/armv7e-m\libg_nano.a(lib_a-sbrkr.o)
                0x080013b0                _sbrk_r
 .text.__malloc_lock
                0x080013d0        0x2 c:/users/notebook/desktop/iti/turkey's/arm_stm32f401/tools/arm gcc/bin/../lib/gcc/arm-none-eabi/5.4.1/../../../../arm-none-eabi/lib/armv7e-m\libg_nano.a(lib_a-mlock.o)
                0x080013d0                __malloc_lock
 .text.__malloc_unlock
                0x080013d2        0x2 c:/users/notebook/desktop/iti/turkey's/arm_stm32f401/tools/arm gcc/bin/../lib/gcc/arm-none-eabi/5.4.1/../../../../arm-none-eabi/lib/armv7e-m\libg_nano.a(lib_a-mlock.o)
                0x080013d2                __malloc_unlock
 .text._malloc_usable_size_r
                0x080013d4       0x14 c:/users/notebook/desktop/iti/turkey's/arm_stm32f401/tools/arm gcc/bin/../lib/gcc/arm-none-eabi/5.4.1/../../../../arm-none-eabi/lib/armv7e-m\libg_nano.a(lib_a-nano-msizer.o)
                0x080013d4                _malloc_usable_size_r
 *(.rodata .rodata.* .constdata .constdata.*)
 .rodata.str1.4
                0x080013e8      0x148 ./system/src/cortexm/exception_handlers.o
                                0x146 (size before relaxing)
 .rodata.AHBPrescTable
                0x08001530       0x10 ./system/src/cmsis/system_stm32f4xx.o
                0x08001530                AHBPrescTable
 .rodata.Switches
                0x08001540        0xc ./src/HAL/SWITCH/Switch_Config.o
                0x08001540                Switches
 .rodata.LEDS   0x0800154c       0x18 ./src/HAL/LED/LED_Config.o
                0x0800154c                LEDS
 .rodata.str1.1
                0x08001564       0x11 c:/users/notebook/desktop/iti/turkey's/arm_stm32f401/tools/arm gcc/bin/../lib/gcc/arm-none-eabi/5.4.1/../../../../arm-none-eabi/lib/armv7e-m\libg_nano.a(lib_a-nano-svfprintf.o)
 .rodata.str1.1
                0x08001575       0x22 c:/users/notebook/desktop/iti/turkey's/arm_stm32f401/tools/arm gcc/bin/../lib/gcc/arm-none-eabi/5.4.1/../../../../arm-none-eabi/lib/armv7e-m\libg_nano.a(lib_a-nano-vfprintf_i.o)
 *(vtable)
 *(.eh_frame*)
 *(.glue_7)
 .glue_7        0x08001597        0x0 linker stubs
 *(.glue_7t)
 .glue_7t       0x08001597        0x0 linker stubs

.vfp11_veneer   0x08001598        0x0
 .vfp11_veneer  0x08001598        0x0 linker stubs

.v4_bx          0x08001598        0x0
 .v4_bx         0x08001598        0x0 linker stubs

.iplt           0x08001598        0x0
 .iplt          0x08001598        0x0 ./system/src/newlib/_cxx.o

.rel.dyn        0x08001598        0x0
 .rel.iplt      0x08001598        0x0 ./system/src/newlib/_cxx.o

.ARM.extab
 *(.ARM.extab* .gnu.linkonce.armextab.*)
                0x08001598                . = ALIGN (0x4)
                0x08001598                __exidx_start = .

.ARM.exidx
 *(.ARM.exidx* .gnu.linkonce.armexidx.*)
                0x08001598                __exidx_end = .
                0x08001598                . = ALIGN (0x4)
                0x08001598                _etext = .
                0x08001598                __etext = .

.data_CCMRAM    0x10000000        0x0 load address 0x08001598
 FILL mask 0xff
 *(.data.CCMRAM .data.CCMRAM.*)
                0x10000000                . = ALIGN (0x4)
                0x08001598                _sidata = LOADADDR (.data)

.data           0x20000000       0x78 load address 0x08001598
 FILL mask 0xff
                0x20000000                _sdata = .
                0x20000000                __data_start__ = .
 *(.data_begin .data_begin.*)
 .data_begin    0x20000000        0x4 ./system/src/newlib/_startup.o
 *(.data .data.*)
 .data.argv.4290
                0x20000004        0x8 ./system/src/newlib/_syscalls.o
 .data.SystemCoreClock
                0x2000000c        0x4 ./system/src/cmsis/system_stm32f4xx.o
                0x2000000c                SystemCoreClock
 .data.impure_data
                0x20000010       0x60 c:/users/notebook/desktop/iti/turkey's/arm_stm32f401/tools/arm gcc/bin/../lib/gcc/arm-none-eabi/5.4.1/../../../../arm-none-eabi/lib/armv7e-m\libg_nano.a(lib_a-impure.o)
 .data._impure_ptr
                0x20000070        0x4 c:/users/notebook/desktop/iti/turkey's/arm_stm32f401/tools/arm gcc/bin/../lib/gcc/arm-none-eabi/5.4.1/../../../../arm-none-eabi/lib/armv7e-m\libg_nano.a(lib_a-impure.o)
                0x20000070                _impure_ptr
 *(.data_end .data_end.*)
 .data_end      0x20000074        0x4 ./system/src/newlib/_startup.o
                0x20000078                . = ALIGN (0x4)
                0x20000078                _edata = .
                0x20000078                __data_end__ = .

.igot.plt       0x20000078        0x0 load address 0x08001610
 .igot.plt      0x20000078        0x0 ./system/src/newlib/_cxx.o

.bss_CCMRAM     0x10000000        0x0
 *(.bss.CCMRAM .bss.CCMRAM.*)

.bss            0x20000078       0x9c
                0x20000078                __bss_start__ = .
                0x20000078                _sbss = .
 *(.bss_begin .bss_begin.*)
 .bss_begin     0x20000078        0x4 ./system/src/newlib/_startup.o
 *(.bss .bss.*)
 .bss.current_heap_end.3974
                0x2000007c        0x4 ./system/src/newlib/_sbrk.o
 .bss.name.4289
                0x20000080        0x1 ./system/src/newlib/_syscalls.o
 *fill*         0x20000081        0x3 
 .bss.buf.5179  0x20000084       0x80 ./system/src/diag/Trace.o
 .bss.__malloc_sbrk_start
                0x20000104        0x4 c:/users/notebook/desktop/iti/turkey's/arm_stm32f401/tools/arm gcc/bin/../lib/gcc/arm-none-eabi/5.4.1/../../../../arm-none-eabi/lib/armv7e-m\libg_nano.a(lib_a-nano-mallocr.o)
                0x20000104                __malloc_sbrk_start
 .bss.__malloc_free_list
                0x20000108        0x4 c:/users/notebook/desktop/iti/turkey's/arm_stm32f401/tools/arm gcc/bin/../lib/gcc/arm-none-eabi/5.4.1/../../../../arm-none-eabi/lib/armv7e-m\libg_nano.a(lib_a-nano-mallocr.o)
                0x20000108                __malloc_free_list
 *(COMMON)
 COMMON         0x2000010c        0x4 ./system/src/newlib/_syscalls.o
                0x2000010c                errno
 *(.bss_end .bss_end.*)
 .bss_end       0x20000110        0x4 ./system/src/newlib/_startup.o
                0x20000114                . = ALIGN (0x4)
                0x20000114                __bss_end__ = .
                0x20000114                _ebss = .

.noinit_CCMRAM
 *(.noinit.CCMRAM .noinit.CCMRAM.*)

.noinit         0x20000114        0x0
                0x20000114                _noinit = .
 *(.noinit .noinit.*)
                0x20000114                . = ALIGN (0x4)
                0x20000114                _end_noinit = .
                [!provide]                PROVIDE (end, _end_noinit)
                [!provide]                PROVIDE (_end, _end_noinit)
                [!provide]                PROVIDE (__end, _end_noinit)
                [!provide]                PROVIDE (__end__, _end_noinit)

._check_stack   0x20000114      0x100
                0x20000214                . = (. + _Minimum_Stack_Size)
 *fill*         0x20000114      0x100 

.b1text
 *(.b1text)
 *(.b1rodata)
 *(.b1rodata.*)

.eb0text
 *(.eb0text)
 *(.eb0rodata)
 *(.eb0rodata.*)

.eb1text
 *(.eb1text)
 *(.eb1rodata)
 *(.eb1rodata.*)

.eb2text
 *(.eb2text)
 *(.eb2rodata)
 *(.eb2rodata.*)

.eb3text
 *(.eb3text)
 *(.eb3rodata)
 *(.eb3rodata.*)

.stab
 *(.stab)

.stabstr
 *(.stabstr)

.stab.excl
 *(.stab.excl)

.stab.exclstr
 *(.stab.exclstr)

.stab.index
 *(.stab.index)

.stab.indexstr
 *(.stab.indexstr)

.comment        0x00000000       0x6e
 *(.comment)
 .comment       0x00000000       0x6e ./system/src/newlib/_exit.o
                                 0x6f (size before relaxing)
 .comment       0x0000006e       0x6f ./system/src/newlib/_sbrk.o
 .comment       0x0000006e       0x6f ./system/src/newlib/_startup.o
 .comment       0x0000006e       0x6f ./system/src/newlib/_syscalls.o
 .comment       0x0000006e       0x6f ./system/src/diag/Trace.o
 .comment       0x0000006e       0x6f ./system/src/diag/trace_impl.o
 .comment       0x0000006e       0x6f ./system/src/cortexm/_initialize_hardware.o
 .comment       0x0000006e       0x6f ./system/src/cortexm/exception_handlers.o
 .comment       0x0000006e       0x6f ./system/src/cmsis/system_stm32f4xx.o
 .comment       0x0000006e       0x6f ./system/src/cmsis/vectors_stm32f401xc.o
 .comment       0x0000006e       0x6f ./src/MCAL/RCC/RCC.o
 .comment       0x0000006e       0x6f ./src/MCAL/GPIO/GPIO.o
 .comment       0x0000006e       0x6f ./src/HAL/SWITCH/Switch.o
 .comment       0x0000006e       0x6f ./src/HAL/SWITCH/Switch_Config.o
 .comment       0x0000006e       0x6f ./src/HAL/LED/LED.o
 .comment       0x0000006e       0x6f ./src/HAL/LED/LED_Config.o
 .comment       0x0000006e       0x6f ./src/APP/switch_led_test.o

.ARM.attributes
                0x00000000       0x31
 .ARM.attributes
                0x00000000       0x33 ./system/src/newlib/_exit.o
 .ARM.attributes
                0x00000033       0x33 ./system/src/newlib/_sbrk.o
 .ARM.attributes
                0x00000066       0x33 ./system/src/newlib/_startup.o
 .ARM.attributes
                0x00000099       0x33 ./system/src/newlib/_syscalls.o
 .ARM.attributes
                0x000000cc       0x33 ./system/src/diag/Trace.o
 .ARM.attributes
                0x000000ff       0x33 ./system/src/diag/trace_impl.o
 .ARM.attributes
                0x00000132       0x33 ./system/src/cortexm/_initialize_hardware.o
 .ARM.attributes
                0x00000165       0x33 ./system/src/cortexm/exception_handlers.o
 .ARM.attributes
                0x00000198       0x33 ./system/src/cmsis/system_stm32f4xx.o
 .ARM.attributes
                0x000001cb       0x33 ./system/src/cmsis/vectors_stm32f401xc.o
 .ARM.attributes
                0x000001fe       0x33 ./src/MCAL/RCC/RCC.o
 .ARM.attributes
                0x00000231       0x33 ./src/MCAL/GPIO/GPIO.o
 .ARM.attributes
                0x00000264       0x33 ./src/HAL/SWITCH/Switch.o
 .ARM.attributes
                0x00000297       0x33 ./src/HAL/SWITCH/Switch_Config.o
 .ARM.attributes
                0x000002ca       0x33 ./src/HAL/LED/LED.o
 .ARM.attributes
                0x000002fd       0x33 ./src/HAL/LED/LED_Config.o
 .ARM.attributes
                0x00000330       0x33 ./src/APP/switch_led_test.o
 .ARM.attributes
                0x00000363       0x2e c:/users/notebook/desktop/iti/turkey's/arm_stm32f401/tools/arm gcc/bin/../lib/gcc/arm-none-eabi/5.4.1/../../../../arm-none-eabi/lib/armv7e-m\libg_nano.a(lib_a-errno.o)
 .ARM.attributes
                0x00000391       0x2e c:/users/notebook/desktop/iti/turkey's/arm_stm32f401/tools/arm gcc/bin/../lib/gcc/arm-none-eabi/5.4.1/../../../../arm-none-eabi/lib/armv7e-m\libg_nano.a(lib_a-impure.o)
 .ARM.attributes
                0x000003bf       0x2e c:/users/notebook/desktop/iti/turkey's/arm_stm32f401/tools/arm gcc/bin/../lib/gcc/arm-none-eabi/5.4.1/../../../../arm-none-eabi/lib/armv7e-m\libg_nano.a(lib_a-vsnprintf.o)
 .ARM.attributes
                0x000003ed       0x2e c:/users/notebook/desktop/iti/turkey's/arm_stm32f401/tools/arm gcc/bin/../lib/gcc/arm-none-eabi/5.4.1/../../../../arm-none-eabi/lib/armv7e-m\libg_nano.a(lib_a-nano-svfprintf.o)
 .ARM.attributes
                0x0000041b       0x2e c:/users/notebook/desktop/iti/turkey's/arm_stm32f401/tools/arm gcc/bin/../lib/gcc/arm-none-eabi/5.4.1/../../../../arm-none-eabi/lib/armv7e-m\libg_nano.a(lib_a-nano-vfprintf_i.o)
 .ARM.attributes
                0x00000449       0x1c c:/users/notebook/desktop/iti/turkey's/arm_stm32f401/tools/arm gcc/bin/../lib/gcc/arm-none-eabi/5.4.1/../../../../arm-none-eabi/lib/armv7e-m\libg_nano.a(lib_a-memchr.o)
 .ARM.attributes
                0x00000465       0x2e c:/users/notebook/desktop/iti/turkey's/arm_stm32f401/tools/arm gcc/bin/../lib/gcc/arm-none-eabi/5.4.1/../../../../arm-none-eabi/lib/armv7e-m\libg_nano.a(lib_a-memcpy-stub.o)
 .ARM.attributes
                0x00000493       0x2e c:/users/notebook/desktop/iti/turkey's/arm_stm32f401/tools/arm gcc/bin/../lib/gcc/arm-none-eabi/5.4.1/../../../../arm-none-eabi/lib/armv7e-m\libg_nano.a(lib_a-memmove.o)
 .ARM.attributes
                0x000004c1       0x2e c:/users/notebook/desktop/iti/turkey's/arm_stm32f401/tools/arm gcc/bin/../lib/gcc/arm-none-eabi/5.4.1/../../../../arm-none-eabi/lib/armv7e-m\libg_nano.a(lib_a-nano-freer.o)
 .ARM.attributes
                0x000004ef       0x2e c:/users/notebook/desktop/iti/turkey's/arm_stm32f401/tools/arm gcc/bin/../lib/gcc/arm-none-eabi/5.4.1/../../../../arm-none-eabi/lib/armv7e-m\libg_nano.a(lib_a-nano-mallocr.o)
 .ARM.attributes
                0x0000051d       0x2e c:/users/notebook/desktop/iti/turkey's/arm_stm32f401/tools/arm gcc/bin/../lib/gcc/arm-none-eabi/5.4.1/../../../../arm-none-eabi/lib/armv7e-m\libg_nano.a(lib_a-nano-reallocr.o)
 .ARM.attributes
                0x0000054b       0x2e c:/users/notebook/desktop/iti/turkey's/arm_stm32f401/tools/arm gcc/bin/../lib/gcc/arm-none-eabi/5.4.1/../../../../arm-none-eabi/lib/armv7e-m\libg_nano.a(lib_a-sbrkr.o)
 .ARM.attributes
                0x00000579       0x2e c:/users/notebook/desktop/iti/turkey's/arm_stm32f401/tools/arm gcc/bin/../lib/gcc/arm-none-eabi/5.4.1/../../../../arm-none-eabi/lib/armv7e-m\libg_nano.a(lib_a-mlock.o)
 .ARM.attributes
                0x000005a7       0x2e c:/users/notebook/desktop/iti/turkey's/arm_stm32f401/tools/arm gcc/bin/../lib/gcc/arm-none-eabi/5.4.1/../../../../arm-none-eabi/lib/armv7e-m\libg_nano.a(lib_a-nano-msizer.o)

.debug
 *(.debug)

.line
 *(.line)

.debug_srcinfo
 *(.debug_srcinfo)

.debug_sfnames
 *(.debug_sfnames)

.debug_aranges  0x00000000      0x358
 *(.debug_aranges)
 .debug_aranges
                0x00000000       0x28 ./system/src/newlib/_exit.o
 .debug_aranges
                0x00000028       0x20 ./system/src/newlib/_sbrk.o
 .debug_aranges
                0x00000048       0x40 ./system/src/newlib/_startup.o
 .debug_aranges
                0x00000088       0x30 ./system/src/newlib/_syscalls.o
 .debug_aranges
                0x000000b8       0x38 ./system/src/diag/Trace.o
 .debug_aranges
                0x000000f0       0x30 ./system/src/diag/trace_impl.o
 .debug_aranges
                0x00000120       0x28 ./system/src/cortexm/_initialize_hardware.o
 .debug_aranges
                0x00000148       0x90 ./system/src/cortexm/exception_handlers.o
 .debug_aranges
                0x000001d8       0x28 ./system/src/cmsis/system_stm32f4xx.o
 .debug_aranges
                0x00000200       0x20 ./system/src/cmsis/vectors_stm32f401xc.o
 .debug_aranges
                0x00000220       0x68 ./src/MCAL/RCC/RCC.o
 .debug_aranges
                0x00000288       0x30 ./src/MCAL/GPIO/GPIO.o
 .debug_aranges
                0x000002b8       0x28 ./src/HAL/SWITCH/Switch.o
 .debug_aranges
                0x000002e0       0x18 ./src/HAL/SWITCH/Switch_Config.o
 .debug_aranges
                0x000002f8       0x28 ./src/HAL/LED/LED.o
 .debug_aranges
                0x00000320       0x18 ./src/HAL/LED/LED_Config.o
 .debug_aranges
                0x00000338       0x20 ./src/APP/switch_led_test.o

.debug_pubnames
 *(.debug_pubnames)

.debug_info     0x00000000     0x34e5
 *(.debug_info .gnu.linkonce.wi.*)
 .debug_info    0x00000000       0xef ./system/src/newlib/_exit.o
 .debug_info    0x000000ef      0x11f ./system/src/newlib/_sbrk.o
 .debug_info    0x0000020e      0x4f2 ./system/src/newlib/_startup.o
 .debug_info    0x00000700      0x1c7 ./system/src/newlib/_syscalls.o
 .debug_info    0x000008c7      0x2e7 ./system/src/diag/Trace.o
 .debug_info    0x00000bae      0x30b ./system/src/diag/trace_impl.o
 .debug_info    0x00000eb9      0x2bf ./system/src/cortexm/_initialize_hardware.o
 .debug_info    0x00001178      0x8f4 ./system/src/cortexm/exception_handlers.o
 .debug_info    0x00001a6c      0x4e3 ./system/src/cmsis/system_stm32f4xx.o
 .debug_info    0x00001f4f       0xd1 ./system/src/cmsis/vectors_stm32f401xc.o
 .debug_info    0x00002020      0x791 ./src/MCAL/RCC/RCC.o
 .debug_info    0x000027b1      0x2c3 ./src/MCAL/GPIO/GPIO.o
 .debug_info    0x00002a74      0x2b8 ./src/HAL/SWITCH/Switch.o
 .debug_info    0x00002d2c      0x133 ./src/HAL/SWITCH/Switch_Config.o
 .debug_info    0x00002e5f      0x29a ./src/HAL/LED/LED.o
 .debug_info    0x000030f9      0x153 ./src/HAL/LED/LED_Config.o
 .debug_info    0x0000324c      0x299 ./src/APP/switch_led_test.o

.debug_abbrev   0x00000000     0x130b
 *(.debug_abbrev)
 .debug_abbrev  0x00000000       0x8e ./system/src/newlib/_exit.o
 .debug_abbrev  0x0000008e       0xb9 ./system/src/newlib/_sbrk.o
 .debug_abbrev  0x00000147      0x1b6 ./system/src/newlib/_startup.o
 .debug_abbrev  0x000002fd       0xec ./system/src/newlib/_syscalls.o
 .debug_abbrev  0x000003e9      0x156 ./system/src/diag/Trace.o
 .debug_abbrev  0x0000053f      0x1c8 ./system/src/diag/trace_impl.o
 .debug_abbrev  0x00000707       0xea ./system/src/cortexm/_initialize_hardware.o
 .debug_abbrev  0x000007f1      0x247 ./system/src/cortexm/exception_handlers.o
 .debug_abbrev  0x00000a38      0x104 ./system/src/cmsis/system_stm32f4xx.o
 .debug_abbrev  0x00000b3c       0x9d ./system/src/cmsis/vectors_stm32f401xc.o
 .debug_abbrev  0x00000bd9      0x188 ./src/MCAL/RCC/RCC.o
 .debug_abbrev  0x00000d61       0xee ./src/MCAL/GPIO/GPIO.o
 .debug_abbrev  0x00000e4f      0x14f ./src/HAL/SWITCH/Switch.o
 .debug_abbrev  0x00000f9e       0x9f ./src/HAL/SWITCH/Switch_Config.o
 .debug_abbrev  0x0000103d      0x151 ./src/HAL/LED/LED.o
 .debug_abbrev  0x0000118e       0xae ./src/HAL/LED/LED_Config.o
 .debug_abbrev  0x0000123c       0xcf ./src/APP/switch_led_test.o

.debug_line     0x00000000     0x4611
 *(.debug_line)
 .debug_line    0x00000000      0x365 ./system/src/newlib/_exit.o
 .debug_line    0x00000365      0x316 ./system/src/newlib/_sbrk.o
 .debug_line    0x0000067b      0x3de ./system/src/newlib/_startup.o
 .debug_line    0x00000a59      0x43b ./system/src/newlib/_syscalls.o
 .debug_line    0x00000e94      0x3d3 ./system/src/diag/Trace.o
 .debug_line    0x00001267      0xad2 ./system/src/diag/trace_impl.o
 .debug_line    0x00001d39      0xa3a ./system/src/cortexm/_initialize_hardware.o
 .debug_line    0x00002773      0xb70 ./system/src/cortexm/exception_handlers.o
 .debug_line    0x000032e3      0xa3a ./system/src/cmsis/system_stm32f4xx.o
 .debug_line    0x00003d1d      0x10f ./system/src/cmsis/vectors_stm32f401xc.o
 .debug_line    0x00003e2c      0x25d ./src/MCAL/RCC/RCC.o
 .debug_line    0x00004089       0xdd ./src/MCAL/GPIO/GPIO.o
 .debug_line    0x00004166      0x116 ./src/HAL/SWITCH/Switch.o
 .debug_line    0x0000427c       0xc8 ./src/HAL/SWITCH/Switch_Config.o
 .debug_line    0x00004344       0xf3 ./src/HAL/LED/LED.o
 .debug_line    0x00004437       0xb9 ./src/HAL/LED/LED_Config.o
 .debug_line    0x000044f0      0x121 ./src/APP/switch_led_test.o

.debug_frame    0x00000000      0x8e8
 *(.debug_frame)
 .debug_frame   0x00000000       0x38 ./system/src/newlib/_exit.o
 .debug_frame   0x00000038       0x28 ./system/src/newlib/_sbrk.o
 .debug_frame   0x00000060       0x7c ./system/src/newlib/_startup.o
 .debug_frame   0x000000dc       0x50 ./system/src/newlib/_syscalls.o
 .debug_frame   0x0000012c       0x94 ./system/src/diag/Trace.o
 .debug_frame   0x000001c0       0x60 ./system/src/diag/trace_impl.o
 .debug_frame   0x00000220       0x40 ./system/src/cortexm/_initialize_hardware.o
 .debug_frame   0x00000260      0x158 ./system/src/cortexm/exception_handlers.o
 .debug_frame   0x000003b8       0x30 ./system/src/cmsis/system_stm32f4xx.o
 .debug_frame   0x000003e8       0x20 ./system/src/cmsis/vectors_stm32f401xc.o
 .debug_frame   0x00000408       0xec ./src/MCAL/RCC/RCC.o
 .debug_frame   0x000004f4       0x60 ./src/MCAL/GPIO/GPIO.o
 .debug_frame   0x00000554       0x5c ./src/HAL/SWITCH/Switch.o
 .debug_frame   0x000005b0       0x4c ./src/HAL/LED/LED.o
 .debug_frame   0x000005fc       0x28 ./src/APP/switch_led_test.o
 .debug_frame   0x00000624       0x20 c:/users/notebook/desktop/iti/turkey's/arm_stm32f401/tools/arm gcc/bin/../lib/gcc/arm-none-eabi/5.4.1/../../../../arm-none-eabi/lib/armv7e-m\libg_nano.a(lib_a-errno.o)
 .debug_frame   0x00000644       0x48 c:/users/notebook/desktop/iti/turkey's/arm_stm32f401/tools/arm gcc/bin/../lib/gcc/arm-none-eabi/5.4.1/../../../../arm-none-eabi/lib/armv7e-m\libg_nano.a(lib_a-vsnprintf.o)
 .debug_frame   0x0000068c       0x90 c:/users/notebook/desktop/iti/turkey's/arm_stm32f401/tools/arm gcc/bin/../lib/gcc/arm-none-eabi/5.4.1/../../../../arm-none-eabi/lib/armv7e-m\libg_nano.a(lib_a-nano-svfprintf.o)
 .debug_frame   0x0000071c       0x60 c:/users/notebook/desktop/iti/turkey's/arm_stm32f401/tools/arm gcc/bin/../lib/gcc/arm-none-eabi/5.4.1/../../../../arm-none-eabi/lib/armv7e-m\libg_nano.a(lib_a-nano-vfprintf_i.o)
 .debug_frame   0x0000077c       0x28 c:/users/notebook/desktop/iti/turkey's/arm_stm32f401/tools/arm gcc/bin/../lib/gcc/arm-none-eabi/5.4.1/../../../../arm-none-eabi/lib/armv7e-m\libg_nano.a(lib_a-memcpy-stub.o)
 .debug_frame   0x000007a4       0x28 c:/users/notebook/desktop/iti/turkey's/arm_stm32f401/tools/arm gcc/bin/../lib/gcc/arm-none-eabi/5.4.1/../../../../arm-none-eabi/lib/armv7e-m\libg_nano.a(lib_a-memmove.o)
 .debug_frame   0x000007cc       0x38 c:/users/notebook/desktop/iti/turkey's/arm_stm32f401/tools/arm gcc/bin/../lib/gcc/arm-none-eabi/5.4.1/../../../../arm-none-eabi/lib/armv7e-m\libg_nano.a(lib_a-nano-freer.o)
 .debug_frame   0x00000804       0x2c c:/users/notebook/desktop/iti/turkey's/arm_stm32f401/tools/arm gcc/bin/../lib/gcc/arm-none-eabi/5.4.1/../../../../arm-none-eabi/lib/armv7e-m\libg_nano.a(lib_a-nano-mallocr.o)
 .debug_frame   0x00000830       0x3c c:/users/notebook/desktop/iti/turkey's/arm_stm32f401/tools/arm gcc/bin/../lib/gcc/arm-none-eabi/5.4.1/../../../../arm-none-eabi/lib/armv7e-m\libg_nano.a(lib_a-nano-reallocr.o)
 .debug_frame   0x0000086c       0x2c c:/users/notebook/desktop/iti/turkey's/arm_stm32f401/tools/arm gcc/bin/../lib/gcc/arm-none-eabi/5.4.1/../../../../arm-none-eabi/lib/armv7e-m\libg_nano.a(lib_a-sbrkr.o)
 .debug_frame   0x00000898       0x30 c:/users/notebook/desktop/iti/turkey's/arm_stm32f401/tools/arm gcc/bin/../lib/gcc/arm-none-eabi/5.4.1/../../../../arm-none-eabi/lib/armv7e-m\libg_nano.a(lib_a-mlock.o)
 .debug_frame   0x000008c8       0x20 c:/users/notebook/desktop/iti/turkey's/arm_stm32f401/tools/arm gcc/bin/../lib/gcc/arm-none-eabi/5.4.1/../../../../arm-none-eabi/lib/armv7e-m\libg_nano.a(lib_a-nano-msizer.o)

.debug_str      0x00000000    0x726ee
 *(.debug_str)
 .debug_str     0x00000000     0x6d56 ./system/src/newlib/_exit.o
                               0x6ec8 (size before relaxing)
 .debug_str     0x00006d56      0x4de ./system/src/newlib/_sbrk.o
                               0x62b3 (size before relaxing)
 .debug_str     0x00007234      0xc29 ./system/src/newlib/_startup.o
                               0x5ece (size before relaxing)
 .debug_str     0x00007e5d      0xe18 ./system/src/newlib/_syscalls.o
                               0x7113 (size before relaxing)
 .debug_str     0x00008c75      0x890 ./system/src/diag/Trace.o
                               0x76b8 (size before relaxing)
 .debug_str     0x00009505    0x67a24 ./system/src/diag/trace_impl.o
                              0x6f9ce (size before relaxing)
 .debug_str     0x00070f29       0xc4 ./system/src/cortexm/_initialize_hardware.o
                              0x6e7af (size before relaxing)
 .debug_str     0x00070fed      0x1a6 ./system/src/cortexm/exception_handlers.o
                              0x6fb58 (size before relaxing)
 .debug_str     0x00071193       0xe2 ./system/src/cmsis/system_stm32f4xx.o
                              0x6e8a0 (size before relaxing)
 .debug_str     0x00071275       0x59 ./system/src/cmsis/vectors_stm32f401xc.o
                               0x3085 (size before relaxing)
 .debug_str     0x000712ce      0x8b2 ./src/MCAL/RCC/RCC.o
                               0x2e09 (size before relaxing)
 .debug_str     0x00071b80      0x819 ./src/MCAL/GPIO/GPIO.o
                               0x2e10 (size before relaxing)
 .debug_str     0x00072399      0x1d2 ./src/HAL/SWITCH/Switch.o
                               0x2da8 (size before relaxing)
 .debug_str     0x0007256b       0x22 ./src/HAL/SWITCH/Switch_Config.o
                               0x2ce3 (size before relaxing)
 .debug_str     0x0007258d      0x11b ./src/HAL/LED/LED.o
                               0x2cf5 (size before relaxing)
 .debug_str     0x000726a8       0x1c ./src/HAL/LED/LED_Config.o
                               0x2c58 (size before relaxing)
 .debug_str     0x000726c4       0x2a ./src/APP/switch_led_test.o
                               0x2b46 (size before relaxing)

.debug_loc      0x00000000     0x18dc
 *(.debug_loc)
 .debug_loc     0x00000000       0x82 ./system/src/newlib/_sbrk.o
 .debug_loc     0x00000082      0x36e ./system/src/newlib/_startup.o
 .debug_loc     0x000003f0       0x63 ./system/src/newlib/_syscalls.o
 .debug_loc     0x00000453      0x102 ./system/src/diag/Trace.o
 .debug_loc     0x00000555      0x17c ./system/src/diag/trace_impl.o
 .debug_loc     0x000006d1      0x2a8 ./system/src/cortexm/exception_handlers.o
 .debug_loc     0x00000979      0x132 ./system/src/cmsis/system_stm32f4xx.o
 .debug_loc     0x00000aab      0xa78 ./src/MCAL/RCC/RCC.o
 .debug_loc     0x00001523      0x241 ./src/MCAL/GPIO/GPIO.o
 .debug_loc     0x00001764      0x10c ./src/HAL/SWITCH/Switch.o
 .debug_loc     0x00001870       0x6c ./src/HAL/LED/LED.o

.debug_macinfo
 *(.debug_macinfo)

.debug_weaknames
 *(.debug_weaknames)

.debug_funcnames
 *(.debug_funcnames)

.debug_typenames
 *(.debug_typenames)

.debug_varnames
 *(.debug_varnames)
OUTPUT(Project_GPIO_Mod.elf elf32-littlearm)

.debug_ranges   0x00000000      0x398
 .debug_ranges  0x00000000       0x18 ./system/src/newlib/_exit.o
 .debug_ranges  0x00000018       0x10 ./system/src/newlib/_sbrk.o
 .debug_ranges  0x00000028       0x30 ./system/src/newlib/_startup.o
 .debug_ranges  0x00000058       0x20 ./system/src/newlib/_syscalls.o
 .debug_ranges  0x00000078       0x28 ./system/src/diag/Trace.o
 .debug_ranges  0x000000a0       0x38 ./system/src/diag/trace_impl.o
 .debug_ranges  0x000000d8       0x18 ./system/src/cortexm/_initialize_hardware.o
 .debug_ranges  0x000000f0       0x98 ./system/src/cortexm/exception_handlers.o
 .debug_ranges  0x00000188       0x18 ./system/src/cmsis/system_stm32f4xx.o
 .debug_ranges  0x000001a0       0x10 ./system/src/cmsis/vectors_stm32f401xc.o
 .debug_ranges  0x000001b0      0x188 ./src/MCAL/RCC/RCC.o
 .debug_ranges  0x00000338       0x20 ./src/MCAL/GPIO/GPIO.o
 .debug_ranges  0x00000358       0x18 ./src/HAL/SWITCH/Switch.o
 .debug_ranges  0x00000370       0x18 ./src/HAL/LED/LED.o
 .debug_ranges  0x00000388       0x10 ./src/APP/switch_led_test.o

.debug_macro    0x00000000    0x12cc0
 .debug_macro   0x00000000      0x19c ./system/src/newlib/_exit.o
 .debug_macro   0x0000019c      0x898 ./system/src/newlib/_exit.o
 .debug_macro   0x00000a34       0x9c ./system/src/newlib/_exit.o
 .debug_macro   0x00000ad0      0x10e ./system/src/newlib/_exit.o
 .debug_macro   0x00000bde       0x8d ./system/src/newlib/_exit.o
 .debug_macro   0x00000c6b       0x43 ./system/src/newlib/_exit.o
 .debug_macro   0x00000cae      0x30d ./system/src/newlib/_exit.o
 .debug_macro   0x00000fbb       0x35 ./system/src/newlib/_exit.o
 .debug_macro   0x00000ff0      0x151 ./system/src/newlib/_sbrk.o
 .debug_macro   0x00001141      0x174 ./system/src/newlib/_sbrk.o
 .debug_macro   0x000012b5       0x10 ./system/src/newlib/_sbrk.o
 .debug_macro   0x000012c5      0x23b ./system/src/newlib/_sbrk.o
 .debug_macro   0x00001500      0x15b ./system/src/newlib/_startup.o
 .debug_macro   0x0000165b      0x89e ./system/src/newlib/_startup.o
 .debug_macro   0x00001ef9      0x34e ./system/src/newlib/_startup.o
 .debug_macro   0x00002247      0x1ff ./system/src/newlib/_syscalls.o
 .debug_macro   0x00002446       0x1c ./system/src/newlib/_syscalls.o
 .debug_macro   0x00002462       0x10 ./system/src/newlib/_syscalls.o
 .debug_macro   0x00002472       0x10 ./system/src/newlib/_syscalls.o
 .debug_macro   0x00002482       0x10 ./system/src/newlib/_syscalls.o
 .debug_macro   0x00002492       0x35 ./system/src/newlib/_syscalls.o
 .debug_macro   0x000024c7      0x122 ./system/src/newlib/_syscalls.o
 .debug_macro   0x000025e9       0x88 ./system/src/newlib/_syscalls.o
 .debug_macro   0x00002671       0x2b ./system/src/newlib/_syscalls.o
 .debug_macro   0x0000269c      0x118 ./system/src/newlib/_syscalls.o
 .debug_macro   0x000027b4      0x159 ./system/src/newlib/_syscalls.o
 .debug_macro   0x0000290d       0x16 ./system/src/newlib/_syscalls.o
 .debug_macro   0x00002923      0x1d9 ./system/src/diag/Trace.o
 .debug_macro   0x00002afc       0x16 ./system/src/diag/Trace.o
 .debug_macro   0x00002b12       0x97 ./system/src/diag/Trace.o
 .debug_macro   0x00002ba9       0xfd ./system/src/diag/Trace.o
 .debug_macro   0x00002ca6       0x10 ./system/src/diag/Trace.o
 .debug_macro   0x00002cb6       0x16 ./system/src/diag/Trace.o
 .debug_macro   0x00002ccc      0x18b ./system/src/diag/Trace.o
 .debug_macro   0x00002e57       0x4c ./system/src/diag/Trace.o
 .debug_macro   0x00002ea3       0x16 ./system/src/diag/Trace.o
 .debug_macro   0x00002eb9      0x512 ./system/src/diag/trace_impl.o
 .debug_macro   0x000033cb       0x31 ./system/src/diag/trace_impl.o
 .debug_macro   0x000033fc       0x28 ./system/src/diag/trace_impl.o
 .debug_macro   0x00003424       0x35 ./system/src/diag/trace_impl.o
 .debug_macro   0x00003459       0x50 ./system/src/diag/trace_impl.o
 .debug_macro   0x000034a9      0xe66 ./system/src/diag/trace_impl.o
 .debug_macro   0x0000430f     0x5099 ./system/src/diag/trace_impl.o
 .debug_macro   0x000093a8       0x43 ./system/src/diag/trace_impl.o
 .debug_macro   0x000093eb      0x289 ./system/src/diag/trace_impl.o
 .debug_macro   0x00009674     0x347f ./system/src/diag/trace_impl.o
 .debug_macro   0x0000caf3       0x57 ./system/src/diag/trace_impl.o
 .debug_macro   0x0000cb4a      0x424 ./system/src/diag/trace_impl.o
 .debug_macro   0x0000cf6e      0x9e1 ./system/src/diag/trace_impl.o
 .debug_macro   0x0000d94f      0x11e ./system/src/diag/trace_impl.o
 .debug_macro   0x0000da6d       0xf8 ./system/src/diag/trace_impl.o
 .debug_macro   0x0000db65       0x27 ./system/src/diag/trace_impl.o
 .debug_macro   0x0000db8c      0x287 ./system/src/diag/trace_impl.o
 .debug_macro   0x0000de13       0x5f ./system/src/diag/trace_impl.o
 .debug_macro   0x0000de72      0x23a ./system/src/diag/trace_impl.o
 .debug_macro   0x0000e0ac      0x391 ./system/src/diag/trace_impl.o
 .debug_macro   0x0000e43d      0x16f ./system/src/diag/trace_impl.o
 .debug_macro   0x0000e5ac       0xf9 ./system/src/diag/trace_impl.o
 .debug_macro   0x0000e6a5       0x23 ./system/src/diag/trace_impl.o
 .debug_macro   0x0000e6c8      0x13a ./system/src/diag/trace_impl.o
 .debug_macro   0x0000e802      0x23a ./system/src/diag/trace_impl.o
 .debug_macro   0x0000ea3c       0x2e ./system/src/diag/trace_impl.o
 .debug_macro   0x0000ea6a      0x1a7 ./system/src/diag/trace_impl.o
 .debug_macro   0x0000ec11       0x22 ./system/src/diag/trace_impl.o
 .debug_macro   0x0000ec33       0xa5 ./system/src/diag/trace_impl.o
 .debug_macro   0x0000ecd8      0x18b ./system/src/diag/trace_impl.o
 .debug_macro   0x0000ee63       0x24 ./system/src/diag/trace_impl.o
 .debug_macro   0x0000ee87       0x35 ./system/src/diag/trace_impl.o
 .debug_macro   0x0000eebc       0x79 ./system/src/diag/trace_impl.o
 .debug_macro   0x0000ef35      0x11e ./system/src/diag/trace_impl.o
 .debug_macro   0x0000f053       0x85 ./system/src/diag/trace_impl.o
 .debug_macro   0x0000f0d8       0x89 ./system/src/diag/trace_impl.o
 .debug_macro   0x0000f161      0x31a ./system/src/diag/trace_impl.o
 .debug_macro   0x0000f47b      0x409 ./system/src/diag/trace_impl.o
 .debug_macro   0x0000f884       0xe4 ./system/src/diag/trace_impl.o
 .debug_macro   0x0000f968      0x48d ./system/src/diag/trace_impl.o
 .debug_macro   0x0000fdf5      0x22b ./system/src/diag/trace_impl.o
 .debug_macro   0x00010020      0x202 ./system/src/diag/trace_impl.o
 .debug_macro   0x00010222      0x6d9 ./system/src/diag/trace_impl.o
 .debug_macro   0x000108fb       0x5b ./system/src/diag/trace_impl.o
 .debug_macro   0x00010956      0x14d ./system/src/diag/trace_impl.o
 .debug_macro   0x00010aa3      0x287 ./system/src/diag/trace_impl.o
 .debug_macro   0x00010d2a      0x225 ./system/src/diag/trace_impl.o
 .debug_macro   0x00010f4f      0x1b5 ./system/src/diag/trace_impl.o
 .debug_macro   0x00011104      0x2db ./system/src/diag/trace_impl.o
 .debug_macro   0x000113df       0x89 ./system/src/diag/trace_impl.o
 .debug_macro   0x00011468      0x1df ./system/src/diag/trace_impl.o
 .debug_macro   0x00011647      0x115 ./system/src/diag/trace_impl.o
 .debug_macro   0x0001175c       0x6e ./system/src/diag/trace_impl.o
 .debug_macro   0x000117ca      0x11e ./system/src/diag/trace_impl.o
 .debug_macro   0x000118e8       0x22 ./system/src/diag/trace_impl.o
 .debug_macro   0x0001190a      0x4d6 ./system/src/cortexm/_initialize_hardware.o
 .debug_macro   0x00011de0      0x535 ./system/src/cortexm/exception_handlers.o
 .debug_macro   0x00012315       0x3b ./system/src/cortexm/exception_handlers.o
 .debug_macro   0x00012350      0x4d2 ./system/src/cmsis/system_stm32f4xx.o
 .debug_macro   0x00012822       0x34 ./system/src/cmsis/vectors_stm32f401xc.o
 .debug_macro   0x00012856       0x92 ./src/MCAL/RCC/RCC.o
 .debug_macro   0x000128e8       0xa6 ./src/MCAL/RCC/RCC.o
 .debug_macro   0x0001298e       0x7a ./src/MCAL/GPIO/GPIO.o
 .debug_macro   0x00012a08      0x110 ./src/MCAL/GPIO/GPIO.o
 .debug_macro   0x00012b18       0x33 ./src/HAL/SWITCH/Switch.o
 .debug_macro   0x00012b4b       0x2e ./src/HAL/SWITCH/Switch.o
 .debug_macro   0x00012b79       0x33 ./src/HAL/SWITCH/Switch_Config.o
 .debug_macro   0x00012bac       0x2e ./src/HAL/SWITCH/Switch_Config.o
 .debug_macro   0x00012bda       0x3f ./src/HAL/LED/LED.o
 .debug_macro   0x00012c19       0x28 ./src/HAL/LED/LED.o
 .debug_macro   0x00012c41       0x33 ./src/HAL/LED/LED_Config.o
 .debug_macro   0x00012c74       0x4c ./src/APP/switch_led_test.o
